******************************************************************************
                  TI ARM Linker Unix v16.9.4                   
******************************************************************************
>> Linked Mon Dec 11 18:08:15 2017

OUTPUT FILE NAME:   <Final.out>
ENTRY POINT SYMBOL: "_c_int00"  address: 00004649


MEMORY CONFIGURATION

         name            origin    length      used     unused   attr    fill
----------------------  --------  ---------  --------  --------  ----  --------
  MAIN                  00000000   00040000  00004a8b  0003b575  R  X
  INFO                  00200000   00004000  00000000  00004000  R  X
  SRAM_CODE             01000000   00010000  00001622  0000e9de  RW X
  SRAM_DATA             20000000   00010000  00001622  0000e9de  RW  


SEGMENT ALLOCATION MAP

run origin  load origin   length   init length attrs members
----------  ----------- ---------- ----------- ----- -------
00000000    00000000    00004a90   00004a90    r-x
  00000000    00000000    000000e4   000000e4    r-- .intvecs
  000000e4    000000e4    000047b8   000047b8    r-x .text
  000048a0    000048a0    0000019f   0000019f    r-- .const
  00004a40    00004a40    00000050   00000050    r-- .cinit
20000000    20000000    00001422   00000000    rw-
  20000000    20000000    000013b8   00000000    rw- .sysmem
  200013b8    200013b8    0000004c   00000000    rw- .data
  20001404    20001404    0000001e   00000000    rw- .bss
2000fe00    2000fe00    00000200   00000000    rw-
  2000fe00    2000fe00    00000200   00000000    rw- .stack


SECTION ALLOCATION MAP

 output                                  attributes/
section   page    origin      length       input sections
--------  ----  ----------  ----------   ----------------
.intvecs   0    00000000    000000e4     
                  00000000    000000e4     startup_msp432p401r_ccs.obj (.intvecs:retain)

.text      0    000000e4    000047b8     
                  000000e4    000009ac     rtsv7M4_T_le_v4SPD16_eabi.lib : e_pow.obj (.text)
                  00000a90    00000738                                   : k_rem_pio2.obj (.text)
                  000011c8    000005dc                                   : s_cos.obj (.text)
                  000017a4    000005c4                                   : s_sin.obj (.text)
                  00001d68    0000052c     fft.obj (.text)
                  00002294    000004d8     compute.obj (.text)
                  0000276c    000003d0     rtsv7M4_T_le_v4SPD16_eabi.lib : memory.obj (.text)
                  00002b3c    0000037c     main.obj (.text)
                  00002eb8    0000032c     system_msp432p401r.obj (.text)
                  000031e4    000001f0     gpio.obj (.text)
                  000033d4    000001ea     circbuf.obj (.text)
                  000035be    000001b6     rtsv7M4_T_le_v4SPD16_eabi.lib : fd_add_t2.obj (.text)
                  00003774    00000174                                   : k_sin.obj (.text)
                  000038e8    00000170                                   : e_sqrt.obj (.text)
                  00003a58    0000016c                                   : k_cos.obj (.text)
                  00003bc4    00000136                                   : fd_div_t2.obj (.text)
                  00003cfa    00000002                                   : mpu_init.obj (.text)
                  00003cfc    00000134     adc.obj (.text)
                  00003e30    00000108     uart.obj (.text)
                  00003f38    000000fc     rtsv7M4_T_le_v4SPD16_eabi.lib : fd_mul_t2.obj (.text)
                  00004034    000000fc                                   : s_scalbn.obj (.text)
                  00004130    000000f8                                   : s_floor.obj (.text)
                  00004228    000000b4     timer.obj (.text)
                  000042dc    0000009c     rtsv7M4_T_le_v4SPD16_eabi.lib : memcpy_t2.obj (.text)
                  00004378    00000086                                   : fd_cmp_t2.obj (.text:__aeabi_cdcmple)
                  000043fe    00000086                                   : fd_cmp_t2.obj (.text:__aeabi_cdrcmple)
                  00004484    0000007a                                   : memset_t2.obj (.text)
                  000044fe    00000002                                   : startup.obj (.text)
                  00004500    00000070                                   : autoinit.obj (.text)
                  00004570    0000006e                                   : fd_tos_t2.obj (.text)
                  000045de    00000068                                   : copy_decompress_lzss.obj (.text:decompress:lzss)
                  00004646    00000002     --HOLE-- [fill = 0]
                  00004648    00000054                                   : boot.obj (.text)
                  0000469c    00000054                                   : exit.obj (.text)
                  000046f0    0000004c                                   : cpy_tbl.obj (.text)
                  0000473c    00000048                                   : fd_toi_t2.obj (.text)
                  00004784    00000038                                   : fs_tod_t2.obj (.text)
                  000047bc    00000030     pwm.obj (.text)
                  000047ec    0000002e     rtsv7M4_T_le_v4SPD16_eabi.lib : i_tofd_t2.obj (.text)
                  0000481a    00000002     --HOLE-- [fill = 0]
                  0000481c    00000018                                   : args_main.obj (.text)
                  00004834    00000014                                   : _lock.obj (.text)
                  00004848    00000014                                   : s_copysign.obj (.text)
                  0000485c    00000014                                   : strlen.obj (.text)
                  00004870    0000000e                                   : copy_decompress_none.obj (.text:decompress:none)
                  0000487e    0000000e     startup_msp432p401r_ccs.obj (.text)
                  0000488c    0000000c     rtsv7M4_T_le_v4SPD16_eabi.lib : copy_zero_init.obj (.text:decompress:ZI)
                  00004898    00000004                                   : pre_init.obj (.text)

.const     0    000048a0    0000019f     
                  000048a0    00000158     rtsv7M4_T_le_v4SPD16_eabi.lib : k_rem_pio2.obj (.const:$O1$$)
                  000049f8    00000030                                   : e_pow.obj (.const:$O1$$)
                  00004a28    00000015     compute.obj (.const:.string:$P$T1$2)
                  00004a3d    00000002     compute.obj (.const:.string:$P$T0$1)

.cinit     0    00004a40    00000050     
                  00004a40    00000027     (.cinit..data.load) [load image, compression = lzss]
                  00004a67    00000001     --HOLE-- [fill = 0]
                  00004a68    0000000c     (__TI_handler_table)
                  00004a74    00000004     --HOLE-- [fill = 0]
                  00004a78    00000008     (.cinit..bss.load) [load image, compression = zero_init]
                  00004a80    00000010     (__TI_cinit_table)

.init_array 
*          0    00000000    00000000     UNINITIALIZED

.binit     0    00000000    00000000     

.sysmem    0    20000000    000013b8     UNINITIALIZED
                  20000000    00000008     rtsv7M4_T_le_v4SPD16_eabi.lib : memory.obj (.sysmem)
                  20000008    000013b0     --HOLE--

.data      0    200013b8    0000004c     UNINITIALIZED
                  200013b8    00000020     main.obj (.data)
                  200013d8    0000000c     rtsv7M4_T_le_v4SPD16_eabi.lib : exit.obj (.data:$O1$$)
                  200013e4    0000000c                                   : memory.obj (.data:$O1$$)
                  200013f0    00000008                                   : _lock.obj (.data:$O1$$)
                  200013f8    00000004                                   : errno.obj (.data)
                  200013fc    00000004                                   : stkdepth_vars.obj (.data)
                  20001400    00000004     system_msp432p401r.obj (.data)

.bss       0    20001404    0000001e     UNINITIALIZED
                  20001404    00000010     (.common:speakingStatus)
                  20001414    00000004     (.common:PrimaryBuff)
                  20001418    00000004     (.common:SecondaryBuff)
                  2000141c    00000004     (.common:i)
                  20001420    00000002     (.common:sound)

.stack     0    2000fe00    00000200     UNINITIALIZED
                  2000fe00    00000200     --HOLE--

MODULE SUMMARY

       Module                        code    ro data   rw data
       ------                        ----    -------   -------
    ./
       fft.obj                       1324    0         0      
       compute.obj                   1240    23        0      
       main.obj                      892     0         124    
       system_msp432p401r.obj        812     0         8      
       gpio.obj                      496     0         0      
       circbuf.obj                   490     0         0      
       adc.obj                       308     0         0      
       uart.obj                      264     0         0      
       startup_msp432p401r_ccs.obj   14      228       0      
       timer.obj                     180     0         0      
       pwm.obj                       48      0         0      
    +--+-----------------------------+-------+---------+---------+
       Total:                        6068    251       132    
                                                              
    /Applications/ti/ccsv7/tools/compiler/ti-cgt-arm_16.9.4.LTS/lib/rtsv7M4_T_le_v4SPD16_eabi.lib
       e_pow.obj                     2476    48        0      
       k_rem_pio2.obj                1848    344       0      
       s_cos.obj                     1500    0         0      
       s_sin.obj                     1476    0         0      
       memory.obj                    976     0         24     
       fd_add_t2.obj                 438     0         0      
       k_sin.obj                     372     0         0      
       e_sqrt.obj                    368     0         0      
       k_cos.obj                     364     0         0      
       fd_div_t2.obj                 310     0         0      
       fd_cmp_t2.obj                 268     0         0      
       fd_mul_t2.obj                 252     0         0      
       s_scalbn.obj                  252     0         0      
       s_floor.obj                   248     0         0      
       memcpy_t2.obj                 156     0         0      
       memset_t2.obj                 122     0         0      
       autoinit.obj                  112     0         0      
       fd_tos_t2.obj                 110     0         0      
       exit.obj                      84      0         24     
       copy_decompress_lzss.obj      104     0         0      
       boot.obj                      84      0         0      
       cpy_tbl.obj                   76      0         0      
       fd_toi_t2.obj                 72      0         0      
       fs_tod_t2.obj                 56      0         0      
       i_tofd_t2.obj                 46      0         0      
       _lock.obj                     20      0         16     
       args_main.obj                 24      0         0      
       s_copysign.obj                20      0         0      
       strlen.obj                    20      0         0      
       copy_decompress_none.obj      14      0         0      
       copy_zero_init.obj            12      0         0      
       errno.obj                     0       0         8      
       stkdepth_vars.obj             0       0         8      
       pre_init.obj                  4       0         0      
       mpu_init.obj                  2       0         0      
       startup.obj                   2       0         0      
    +--+-----------------------------+-------+---------+---------+
       Total:                        12288   392       80     
                                                              
       Heap:                         0       0         10096  
       Stack:                        0       0         1024   
       Linker Generated:             0       75        0      
    +--+-----------------------------+-------+---------+---------+
       Grand Total:                  18356   718       11332  


LINKER GENERATED COPY TABLES

__TI_cinit_table @ 00004a80 records: 2, size/record: 8, table size: 16
	.data: load addr=00004a40, load size=00000027 bytes, run addr=200013b8, run size=0000004c bytes, compression=lzss
	.bss: load addr=00004a78, load size=00000008 bytes, run addr=20001404, run size=0000001e bytes, compression=zero_init


LINKER GENERATED HANDLER TABLE

__TI_handler_table @ 00004a68 records: 3, size/record: 4, table size: 12
	index: 0, handler: __TI_decompress_lzss
	index: 1, handler: __TI_decompress_none
	index: 2, handler: __TI_zero_init


GLOBAL SYMBOLS: SORTED ALPHABETICALLY BY Name 

address   name                           
-------   ----                           
00003d95  ADC14_IRQHandler               
00003d95  ADC14_IRQHandler               
0000488b  AES256_IRQHandler              
0000488b  BusFault_Handler               
0000469d  C$$EXIT                        
0000488b  COMP_E0_IRQHandler             
0000488b  COMP_E1_IRQHandler             
0000488b  CS_IRQHandler                  
0000488b  DMA_ERR_IRQHandler             
0000488b  DMA_INT0_IRQHandler            
0000488b  DMA_INT1_IRQHandler            
0000488b  DMA_INT2_IRQHandler            
0000488b  DMA_INT3_IRQHandler            
0000488b  DebugMon_Handler               
0000488b  Default_Handler                
00003f01  EUSCIA0_IRQHandler             
00003f01  EUSCIA0_IRQHandler             
0000488b  EUSCIA1_IRQHandler             
0000488b  EUSCIA2_IRQHandler             
0000488b  EUSCIA3_IRQHandler             
0000488b  EUSCIB0_IRQHandler             
0000488b  EUSCIB1_IRQHandler             
0000488b  EUSCIB2_IRQHandler             
0000488b  EUSCIB3_IRQHandler             
0000488b  FLCTL_IRQHandler               
0000488b  FPU_IRQHandler                 
0000488b  HardFault_Handler              
0000488b  MemManage_Handler              
0000488b  NMI_Handler                    
200013cc  NOP                            
0000488b  PCM_IRQHandler                 
00003357  PORT1_IRQHandler               
00003357  PORT1_IRQHandler               
0000488b  PORT2_IRQHandler               
0000488b  PORT3_IRQHandler               
0000488b  PORT4_IRQHandler               
0000488b  PORT5_IRQHandler               
0000488b  PORT6_IRQHandler               
0000488b  PSS_IRQHandler                 
0000488b  PendSV_Handler                 
20001414  PrimaryBuff                    
0000488b  RTC_C_IRQHandler               
0000487f  Reset_Handler                  
UNDEFED   SHT$$INIT_ARRAY$$Base          
UNDEFED   SHT$$INIT_ARRAY$$Limit         
0000488b  SVC_Handler                    
20001418  SecondaryBuff                  
00004247  SysTick_Handler                
00004247  SysTick_Handler                
20001400  SystemCoreClock                
00002eb9  SystemCoreClockUpdate          
0000312d  SystemInit                     
0000488b  T32_INT1_IRQHandler            
0000488b  T32_INT2_IRQHandler            
0000488b  T32_INTC_IRQHandler            
0000488b  TA0_0_IRQHandler               
0000488b  TA0_N_IRQHandler               
0000488b  TA1_0_IRQHandler               
0000488b  TA1_N_IRQHandler               
0000488b  TA2_0_IRQHandler               
0000488b  TA2_N_IRQHandler               
0000488b  TA3_0_IRQHandler               
0000488b  TA3_N_IRQHandler               
00003ee5  UART_send_byte                 
00003eb9  UART_send_n                    
0000488b  UsageFault_Handler             
4000480c  WDTCTL_SYM                     
0000488b  WDT_A_IRQHandler               
20010000  __STACK_END                    
00000200  __STACK_SIZE                   
000013b8  __SYSMEM_SIZE                  
00004a80  __TI_CINIT_Base                
00004a90  __TI_CINIT_Limit               
00004a68  __TI_Handler_Table_Base        
00004a74  __TI_Handler_Table_Limit       
00004501  __TI_auto_init                 
200013d8  __TI_cleanup_ptr               
000045df  __TI_decompress_lzss           
00004871  __TI_decompress_none           
200013dc  __TI_dtors_ptr                 
200013e0  __TI_enable_exit_profile_output
ffffffff  __TI_pprof_out_hndl            
ffffffff  __TI_prof_data_size            
ffffffff  __TI_prof_data_start           
00000000  __TI_static_base__             
0000488d  __TI_zero_init                 
00004379  __aeabi_cdcmpeq                
00004379  __aeabi_cdcmple                
000043ff  __aeabi_cdrcmple               
00004571  __aeabi_d2f                    
0000473d  __aeabi_d2iz                   
000035c9  __aeabi_dadd                   
00003bc5  __aeabi_ddiv                   
00003f39  __aeabi_dmul                   
000035bf  __aeabi_dsub                   
00004785  __aeabi_f2d                    
000047ed  __aeabi_i2d                    
00004485  __aeabi_memclr                 
00004485  __aeabi_memclr4                
00004485  __aeabi_memclr8                
000042dd  __aeabi_memcpy                 
000042dd  __aeabi_memcpy4                
000042dd  __aeabi_memcpy8                
00004487  __aeabi_memset                 
00004487  __aeabi_memset4                
00004487  __aeabi_memset8                
ffffffff  __binit__                      
ffffffff  __c_args__                     
00003a59  __kernel_cos                   
00000a91  __kernel_rem_pio2              
00003775  __kernel_sin                   
00003cfb  __mpu_init                     
2000fe00  __stack                        
0000481d  _args_main                     
00004649  _c_int00                       
200013f0  _lock                          
00004843  _nop                           
0000483b  _register_lock                 
00004835  _register_unlock               
20000000  _sys_memory                    
000044ff  _system_post_cinit             
00004899  _system_pre_init               
200013f4  _unlock                        
000046a1  abort                          
00003493  add_item_to_buffer             
200013c4  averageDifference              
ffffffff  binit                          
0000347d  buffer_empty                   
00003461  buffer_full                    
00002295  calculate_magnitude_and_compare
00002b0d  calloc                         
00003411  clear_buffer                   
00003d29  configureADC                   
0000428b  configureCLOCKS                
00003211  configureGPIO                  
00004229  configureSYSTICK               
00004263  configureTIMERA0               
00003e5d  configureUART                  
000046f1  copy_in                        
00004849  copysign                       
00004849  copysignl                      
000011c9  cos                            
000011c9  cosl                           
200013b8  countsystick                   
00001d69  create_tables                  
00003453  delete_buffer                  
200013f8  errno                          
000046a9  exit                           
00001f09  fftCalculation                 
200013c0  fftcount                       
00004131  floor                          
00004131  floorl                         
0000253d  format                         
00002857  free                           
00002699  ftoa                           
2000141c  i                              
000033d5  initialize_buffer              
000025d1  intToStr                       
00000000  interruptVectors               
00004035  ldexp                          
00004035  ldexpl                         
200013c8  lock                           
00002b3d  main                           
200013fc  main_func_sp                   
000027ed  malloc                         
00002a21  memalign                       
000042dd  memcpy                         
0000448d  memset                         
0000276d  minit                          
200013d0  n                              
00002529  newline                        
000000e5  pow                            
000000e5  powl                           
00002919  realloc                        
000034eb  remove_item_from_buffer        
00002645  reverse                        
00001ea7  reverse_bits                   
00004035  scalbn                         
00004035  scalbnl                        
000047bd  send_pwm_unlock                
00003535  set_buffer_status              
0000255d  set_speaking_status            
000017a5  sin                            
000017a5  sinl                           
20001420  sound                          
200013bc  soundcount                     
20001404  speakingStatus                 
000038e9  sqrt                           
000038e9  sqrtl                          
0000485d  strlen                         
000024eb  test_threshold                 
200013d4  thresholdcount                 


GLOBAL SYMBOLS: SORTED BY Symbol Address 

address   name                           
-------   ----                           
00000000  __TI_static_base__             
00000000  interruptVectors               
000000e5  pow                            
000000e5  powl                           
00000200  __STACK_SIZE                   
00000a91  __kernel_rem_pio2              
000011c9  cos                            
000011c9  cosl                           
000013b8  __SYSMEM_SIZE                  
000017a5  sin                            
000017a5  sinl                           
00001d69  create_tables                  
00001ea7  reverse_bits                   
00001f09  fftCalculation                 
00002295  calculate_magnitude_and_compare
000024eb  test_threshold                 
00002529  newline                        
0000253d  format                         
0000255d  set_speaking_status            
000025d1  intToStr                       
00002645  reverse                        
00002699  ftoa                           
0000276d  minit                          
000027ed  malloc                         
00002857  free                           
00002919  realloc                        
00002a21  memalign                       
00002b0d  calloc                         
00002b3d  main                           
00002eb9  SystemCoreClockUpdate          
0000312d  SystemInit                     
00003211  configureGPIO                  
00003357  PORT1_IRQHandler               
00003357  PORT1_IRQHandler               
000033d5  initialize_buffer              
00003411  clear_buffer                   
00003453  delete_buffer                  
00003461  buffer_full                    
0000347d  buffer_empty                   
00003493  add_item_to_buffer             
000034eb  remove_item_from_buffer        
00003535  set_buffer_status              
000035bf  __aeabi_dsub                   
000035c9  __aeabi_dadd                   
00003775  __kernel_sin                   
000038e9  sqrt                           
000038e9  sqrtl                          
00003a59  __kernel_cos                   
00003bc5  __aeabi_ddiv                   
00003cfb  __mpu_init                     
00003d29  configureADC                   
00003d95  ADC14_IRQHandler               
00003d95  ADC14_IRQHandler               
00003e5d  configureUART                  
00003eb9  UART_send_n                    
00003ee5  UART_send_byte                 
00003f01  EUSCIA0_IRQHandler             
00003f01  EUSCIA0_IRQHandler             
00003f39  __aeabi_dmul                   
00004035  ldexp                          
00004035  ldexpl                         
00004035  scalbn                         
00004035  scalbnl                        
00004131  floor                          
00004131  floorl                         
00004229  configureSYSTICK               
00004247  SysTick_Handler                
00004247  SysTick_Handler                
00004263  configureTIMERA0               
0000428b  configureCLOCKS                
000042dd  __aeabi_memcpy                 
000042dd  __aeabi_memcpy4                
000042dd  __aeabi_memcpy8                
000042dd  memcpy                         
00004379  __aeabi_cdcmpeq                
00004379  __aeabi_cdcmple                
000043ff  __aeabi_cdrcmple               
00004485  __aeabi_memclr                 
00004485  __aeabi_memclr4                
00004485  __aeabi_memclr8                
00004487  __aeabi_memset                 
00004487  __aeabi_memset4                
00004487  __aeabi_memset8                
0000448d  memset                         
000044ff  _system_post_cinit             
00004501  __TI_auto_init                 
00004571  __aeabi_d2f                    
000045df  __TI_decompress_lzss           
00004649  _c_int00                       
0000469d  C$$EXIT                        
000046a1  abort                          
000046a9  exit                           
000046f1  copy_in                        
0000473d  __aeabi_d2iz                   
00004785  __aeabi_f2d                    
000047bd  send_pwm_unlock                
000047ed  __aeabi_i2d                    
0000481d  _args_main                     
00004835  _register_unlock               
0000483b  _register_lock                 
00004843  _nop                           
00004849  copysign                       
00004849  copysignl                      
0000485d  strlen                         
00004871  __TI_decompress_none           
0000487f  Reset_Handler                  
0000488b  AES256_IRQHandler              
0000488b  BusFault_Handler               
0000488b  COMP_E0_IRQHandler             
0000488b  COMP_E1_IRQHandler             
0000488b  CS_IRQHandler                  
0000488b  DMA_ERR_IRQHandler             
0000488b  DMA_INT0_IRQHandler            
0000488b  DMA_INT1_IRQHandler            
0000488b  DMA_INT2_IRQHandler            
0000488b  DMA_INT3_IRQHandler            
0000488b  DebugMon_Handler               
0000488b  Default_Handler                
0000488b  EUSCIA1_IRQHandler             
0000488b  EUSCIA2_IRQHandler             
0000488b  EUSCIA3_IRQHandler             
0000488b  EUSCIB0_IRQHandler             
0000488b  EUSCIB1_IRQHandler             
0000488b  EUSCIB2_IRQHandler             
0000488b  EUSCIB3_IRQHandler             
0000488b  FLCTL_IRQHandler               
0000488b  FPU_IRQHandler                 
0000488b  HardFault_Handler              
0000488b  MemManage_Handler              
0000488b  NMI_Handler                    
0000488b  PCM_IRQHandler                 
0000488b  PORT2_IRQHandler               
0000488b  PORT3_IRQHandler               
0000488b  PORT4_IRQHandler               
0000488b  PORT5_IRQHandler               
0000488b  PORT6_IRQHandler               
0000488b  PSS_IRQHandler                 
0000488b  PendSV_Handler                 
0000488b  RTC_C_IRQHandler               
0000488b  SVC_Handler                    
0000488b  T32_INT1_IRQHandler            
0000488b  T32_INT2_IRQHandler            
0000488b  T32_INTC_IRQHandler            
0000488b  TA0_0_IRQHandler               
0000488b  TA0_N_IRQHandler               
0000488b  TA1_0_IRQHandler               
0000488b  TA1_N_IRQHandler               
0000488b  TA2_0_IRQHandler               
0000488b  TA2_N_IRQHandler               
0000488b  TA3_0_IRQHandler               
0000488b  TA3_N_IRQHandler               
0000488b  UsageFault_Handler             
0000488b  WDT_A_IRQHandler               
0000488d  __TI_zero_init                 
00004899  _system_pre_init               
00004a68  __TI_Handler_Table_Base        
00004a74  __TI_Handler_Table_Limit       
00004a80  __TI_CINIT_Base                
00004a90  __TI_CINIT_Limit               
20000000  _sys_memory                    
200013b8  countsystick                   
200013bc  soundcount                     
200013c0  fftcount                       
200013c4  averageDifference              
200013c8  lock                           
200013cc  NOP                            
200013d0  n                              
200013d4  thresholdcount                 
200013d8  __TI_cleanup_ptr               
200013dc  __TI_dtors_ptr                 
200013e0  __TI_enable_exit_profile_output
200013f0  _lock                          
200013f4  _unlock                        
200013f8  errno                          
200013fc  main_func_sp                   
20001400  SystemCoreClock                
20001404  speakingStatus                 
20001414  PrimaryBuff                    
20001418  SecondaryBuff                  
2000141c  i                              
20001420  sound                          
2000fe00  __stack                        
20010000  __STACK_END                    
4000480c  WDTCTL_SYM                     
ffffffff  __TI_pprof_out_hndl            
ffffffff  __TI_prof_data_size            
ffffffff  __TI_prof_data_start           
ffffffff  __binit__                      
ffffffff  __c_args__                     
ffffffff  binit                          
UNDEFED   SHT$$INIT_ARRAY$$Base          
UNDEFED   SHT$$INIT_ARRAY$$Limit         

[192 symbols]
